// Jest Snapshot v1, https://goo.gl/fbAQLP

exports[`jsonState jsonToState  1`] = `Object {}`;

exports[`jsonState jsonToState  2`] = `
Object {
  "animation": Object {},
  "camera": Object {},
  "collideBox": Object {},
  "collideCircle": Object {},
  "event": Object {},
  "keyboard": Object {},
  "mouse": Object {},
  "mouseInteraction": Object {},
  "time": Object {
    "timeEntity": Object {
      "delta": 0,
      "entity": "timeEntity",
      "name": "time",
      "previousTimeNow": 0,
      "timeNow": 0,
    },
  },
  "transform": Object {},
}
`;

exports[`jsonState jsonToState  3`] = `false`;

exports[`jsonState jsonToState  4`] = `false`;

exports[`jsonState jsonToState 1`] = `"{\\"entity\\":{},\\"component\\":{\\"animation\\":{},\\"collideBox\\":{},\\"collideCircle\\":{},\\"mouseInteraction\\":{},\\"time\\":{\\"timeEntity\\":{\\"entity\\":\\"timeEntity\\",\\"name\\":\\"time\\",\\"delta\\":0,\\"timeNow\\":0,\\"previousTimeNow\\":0}},\\"camera\\":{},\\"transform\\":{},\\"event\\":{},\\"mouse\\":{},\\"keyboard\\":{}},\\"isDebugInitialized\\":false,\\"isDrawEnabled\\":false}"`;
