// Jest Snapshot v1, https://goo.gl/fbAQLP

exports[`jsonState jsonToState  1`] = `Array []`;

exports[`jsonState jsonToState  2`] = `
Object {
  "animation": Object {},
  "collideBox": Object {},
  "collideCircle": Object {},
  "mouseInteraction": Object {},
  "sprite": Object {},
  "transform": Object {},
}
`;

exports[`jsonState jsonToState  3`] = `
Object {
  "delta": 0,
  "previousTimeNow": 0,
  "timeNow": 0,
}
`;

exports[`jsonState jsonToState  4`] = `
Object {
  "blueprint": Array [],
  "sprite": Array [],
}
`;

exports[`jsonState jsonToState  5`] = `
Object {
  "buttons": 0,
  "isButtonDown": false,
  "isButtonUp": false,
  "isMoving": false,
  "lastClick": Object {
    "buttons": 0,
    "timestamp": -1,
  },
  "position": Array [
    0,
    0,
  ],
}
`;

exports[`jsonState jsonToState  6`] = `false`;

exports[`jsonState jsonToState  7`] = `false`;

exports[`jsonState jsonToState 1`] = `"{\\"entity\\":[],\\"component\\":{\\"transform\\":{},\\"sprite\\":{},\\"animation\\":{},\\"collideBox\\":{},\\"collideCircle\\":{},\\"mouseInteraction\\":{}},\\"time\\":{\\"previousTimeNow\\":0,\\"timeNow\\":0,\\"delta\\":0},\\"asset\\":{\\"sprite\\":[],\\"blueprint\\":[]},\\"mouse\\":{\\"buttons\\":0,\\"position\\":[0,0],\\"isButtonUp\\":false,\\"isButtonDown\\":false,\\"isMoving\\":false,\\"lastClick\\":{\\"timestamp\\":-1,\\"buttons\\":0}},\\"isDebugInitialized\\":false,\\"isDrawEnabled\\":false}"`;
